I'm sorry, but errors were detected in your script. Please correct the
errors listed below, and try again.


File "game/screens.rpy", line 1362: window expects a non-empty block.
    window:
           ^

Ren'Py Version: Ren'Py 7.6.0.23051307
Sun May 28 12:11:58 2023
